[15:13:28] [ServerMain/INFO]: [bootstrap] Running Java 25 (Java HotSpot(TM) 64-Bit Server VM 25.0.2+10-LTS-69; Oracle Corporation null) on Windows 11 10.0 (amd64)
[15:13:28] [ServerMain/INFO]: [bootstrap] Loading Paper 1.21.11-69-main@94d0c97 (2025-12-30T20:33:30Z) for Minecraft 1.21.11
[15:13:29] [ServerMain/INFO]: [PluginInitializerManager] Initializing plugins...
[15:13:30] [ServerMain/INFO]: [PluginInitializerManager] Initialized 6 plugins
[15:13:30] [ServerMain/INFO]: [PluginInitializerManager] Bukkit plugins (6):
 - AuraSkills (2.3.11), Essentials (2.21.2), EssentialsChat (2.21.2), EssentialsSpawn (2.21.2), ProtocolLib (5.4.0), SkinsRestorer (15.12.0)
[15:13:33] [ServerMain/INFO]: Environment: Environment[sessionHost=https://sessionserver.mojang.com, servicesHost=https://api.minecraftservices.com, profilesHost=https://api.mojang.com, name=PROD]
[15:13:36] [ServerMain/INFO]: Loaded 1470 recipes
[15:13:36] [ServerMain/INFO]: Loaded 1584 advancements
[15:13:36] [ServerMain/INFO]: [ca.spottedleaf.dataconverter.minecraft.datatypes.MCTypeRegistry] Initialising converters for DataConverter...
[15:13:36] [ServerMain/INFO]: [ca.spottedleaf.dataconverter.minecraft.datatypes.MCTypeRegistry] Finished initialising converters for DataConverter in 399,7ms
[15:13:36] [Server thread/INFO]: Starting minecraft server version 1.21.11
[15:13:36] [Server thread/INFO]: Loading properties
[15:13:36] [Server thread/INFO]: This server is running Paper version 1.21.11-69-main@94d0c97 (2025-12-30T20:33:30Z) (Implementing API version 1.21.11-R0.1-SNAPSHOT)
[15:13:37] [Server thread/INFO]: [spark] This server bundles the spark profiler. For more information please visit https://docs.papermc.io/paper/profiling
[15:13:37] [Server thread/INFO]: Server Ping Player Sample Count: 12
[15:13:37] [Server thread/INFO]: Using 4 threads for Netty based IO
[15:13:37] [Server thread/INFO]: [MoonriseCommon] Paper is using 5 worker threads, 1 I/O threads
[15:13:38] [Server thread/INFO]: Default game type: SURVIVAL
[15:13:38] [Server thread/INFO]: Generating keypair
[15:13:38] [Server thread/INFO]: Starting Minecraft server on *:25565
[15:13:38] [Server thread/INFO]: Paper: Using Java compression from Velocity.
[15:13:38] [Server thread/INFO]: Paper: Using Java cipher from Velocity.
[15:13:38] [Server thread/INFO]: [ProtocolLib] Loading server plugin ProtocolLib v5.4.0
[15:13:38] [Server thread/WARN]: [ProtocolLib] Version (MC: 1.21.11) has not yet been tested! Proceed with caution.
[15:13:39] [Server thread/INFO]: [Essentials] Loading server plugin Essentials v2.21.2
[15:13:39] [Server thread/INFO]: [SkinsRestorer] Loading server plugin SkinsRestorer v15.12.0
[15:13:39] [Server thread/INFO]: [EssentialsSpawn] Loading server plugin EssentialsSpawn v2.21.2
[15:13:39] [Server thread/INFO]: [EssentialsChat] Loading server plugin EssentialsChat v2.21.2
[15:13:39] [Server thread/INFO]: [AuraSkills] Loading server plugin AuraSkills v2.3.11
[15:13:39] [Server thread/INFO]: Server permissions file permissions.yml is empty, ignoring it
[15:13:39] [Server thread/INFO]: [ProtocolLib] Enabling ProtocolLib v5.4.0
[15:13:39] [Server thread/INFO]: [SkinsRestorer] Enabling SkinsRestorer v15.12.0
[15:13:40] [Server thread/INFO]: [SkinsRestorer] Running on Minecraft 1.21.11.
[15:13:41] [Server thread/INFO]: [SkinsRestorer] Using paper join listener!
[15:13:41] [Server thread/WARN]: **** SERVER IS RUNNING IN OFFLINE/INSECURE MODE!
[15:13:41] [Server thread/WARN]: The server will make no attempt to authenticate usernames. Beware.
[15:13:41] [Server thread/WARN]: While this makes the game possible to play without internet access, it also opens up the ability for hackers to connect with any username they choose.
[15:13:41] [Server thread/WARN]: To change this, set "online-mode" to "true" in the server.properties file.
[15:13:41] [Server thread/INFO]: Preparing level "world"
[15:13:41] [Folia Async Scheduler Thread #1/INFO]: [SkinsRestorer] ----------------------------------------------
[15:13:41] [Folia Async Scheduler Thread #1/INFO]: [SkinsRestorer]     +==================+
[15:13:41] [Folia Async Scheduler Thread #1/INFO]: [SkinsRestorer]     |   SkinsRestorer  |
[15:13:41] [Folia Async Scheduler Thread #1/INFO]: [SkinsRestorer]     |------------------|
[15:13:41] [Folia Async Scheduler Thread #1/INFO]: [SkinsRestorer]     |  Standalone Mode |
[15:13:41] [Folia Async Scheduler Thread #1/INFO]: [SkinsRestorer]     +==================+
[15:13:41] [Folia Async Scheduler Thread #1/INFO]: [SkinsRestorer] ----------------------------------------------
[15:13:41] [Folia Async Scheduler Thread #1/INFO]: [SkinsRestorer]     Version: 15.12.0
[15:13:41] [Folia Async Scheduler Thread #1/INFO]: [SkinsRestorer]     Commit: 2903414
[15:13:41] [Folia Async Scheduler Thread #1/INFO]: [SkinsRestorer]     This is the latest version!
[15:13:41] [Folia Async Scheduler Thread #1/INFO]: [SkinsRestorer] ----------------------------------------------
[15:13:41] [Folia Async Scheduler Thread #1/INFO]: [SkinsRestorer] Do you have issues? Read our troubleshooting guide: https://skinsrestorer.net/docs/troubleshooting
[15:13:41] [Folia Async Scheduler Thread #1/INFO]: [SkinsRestorer] Want to support SkinsRestorer or receive priority support? Become a supporter: https://skinsrestorer.net/pricing
[15:13:42] [Server thread/INFO]: Loading 0 persistent chunks for world 'minecraft:overworld'...
[15:13:42] [Server thread/INFO]: Preparing spawn area: 100%
[15:13:42] [Server thread/INFO]: Prepared spawn area in 7 ms
[15:13:42] [Server thread/INFO]: Loading 0 persistent chunks for world 'minecraft:the_nether'...
[15:13:42] [Server thread/INFO]: Prepared spawn area in 11 ms
[15:13:42] [Server thread/INFO]: Loading 0 persistent chunks for world 'minecraft:the_end'...
[15:13:42] [Server thread/INFO]: Prepared spawn area in 14 ms
[15:13:42] [Server thread/INFO]: Done preparing level "world" (0.708s)
[15:13:42] [Server thread/INFO]: [Essentials] Enabling Essentials v2.21.2
[15:13:42] [Server thread/ERROR]: [Essentials] You are running an unsupported server version!
[15:13:42] [Server thread/INFO]: [Essentials] Attempting to convert old kits in config.yml to new kits.yml
[15:13:42] [Server thread/INFO]: [Essentials] No kits found to migrate.
[15:13:43] [Server thread/INFO]: [Essentials] Selected Paper Container Provider as the provider for ContainerProvider
[15:13:43] [Server thread/INFO]: [Essentials] Selected Paper Server State Provider as the provider for ServerStateProvider
[15:13:43] [Server thread/INFO]: [Essentials] Selected Paper Known Commands Provider as the provider for KnownCommandsProvider
[15:13:43] [Server thread/INFO]: [Essentials] Selected 1.17.1+ World Info Provider as the provider for WorldInfoProvider
[15:13:43] [Server thread/INFO]: [Essentials] Selected Paper Biome Key Provider as the provider for BiomeKeyProvider
[15:13:43] [Server thread/INFO]: [Essentials] Selected Reflection Formatted Command Alias Provider as the provider for FormattedCommandAliasProvider
[15:13:43] [Server thread/INFO]: [Essentials] Selected 1.14.4+ Persistent Data Container Provider as the provider for PersistentDataProvider
[15:13:43] [Server thread/INFO]: [Essentials] Selected 1.13+ Spawn Egg Provider as the provider for SpawnEggProvider
[15:13:43] [Server thread/INFO]: [Essentials] Selected 1.8.3+ Spawner Item Provider as the provider for SpawnerItemProvider
[15:13:43] [Server thread/INFO]: [Essentials] Selected Legacy Biome Name Provider as the provider for BiomeNameProvider
[15:13:43] [Server thread/INFO]: [Essentials] Selected 1.12.2+ Player Locale Provider as the provider for PlayerLocaleProvider
[15:13:43] [Server thread/INFO]: [Essentials] Selected Paper Material Tag Provider as the provider for MaterialTagProvider
[15:13:43] [Server thread/INFO]: [Essentials] Selected 1.21.4+ Sync Commands Provider as the provider for SyncCommandsProvider
[15:13:43] [Server thread/INFO]: [Essentials] Selected 1.20.5+ Banner Data Provider as the provider for BannerDataProvider
[15:13:43] [Server thread/INFO]: [Essentials] Selected 1.12+ Spawner Block Provider as the provider for SpawnerBlockProvider
[15:13:43] [Server thread/INFO]: [Essentials] Selected 1.20.4+ Damage Event Provider as the provider for DamageEventProvider
[15:13:43] [Server thread/INFO]: [Essentials] Selected Paper Serialization Provider as the provider for SerializationProvider
[15:13:43] [Server thread/INFO]: [Essentials] Selected 1.20.6+ Potion Meta Provider as the provider for PotionMetaProvider
[15:13:43] [Server thread/INFO]: [Essentials] Selected 1.14+ Sign Data Provider as the provider for SignDataProvider
[15:13:43] [Server thread/INFO]: [Essentials] Selected 1.11+ Item Unbreakable Provider as the provider for ItemUnbreakableProvider
[15:13:43] [Server thread/INFO]: [Essentials] Selected Reflection Online Mode Provider as the provider for OnlineModeProvider
[15:13:43] [Server thread/INFO]: [Essentials] Selected 1.21+ InventoryView Interface ABI Provider as the provider for InventoryViewProvider
[15:13:43] [Server thread/INFO]: [Essentials] Selected Paper Tick Count Provider as the provider for TickCountProvider
[15:13:43] [Server thread/INFO]: [Essentials] Loaded 43880 items from items.json.
[15:13:43] [Server thread/INFO]: [Essentials] Using locale en_ID
[15:13:43] [Server thread/INFO]: [Essentials] ServerListPingEvent: Spigot iterator API
[15:13:43] [Server thread/INFO]: [Essentials] Starting Metrics. Opt-out using the global bStats config.
[15:13:43] [Server thread/INFO]: [Essentials] Using superperms-based permissions.
[15:13:43] [Server thread/INFO]: [EssentialsSpawn] Enabling EssentialsSpawn v2.21.2
[15:13:43] [Server thread/INFO]: [EssentialsSpawn] Starting Metrics. Opt-out using the global bStats config.
[15:13:43] [Server thread/INFO]: [EssentialsChat] Enabling EssentialsChat v2.21.2
[15:13:43] [Server thread/INFO]: [EssentialsChat] Starting Metrics. Opt-out using the global bStats config.
[15:13:43] [Server thread/INFO]: [AuraSkills] Enabling AuraSkills v2.3.11
[15:13:44] [Server thread/INFO]: [AuraSkills] Loaded 21 message files
[15:13:45] [Server thread/INFO]: [AuraSkills] Successfully registered hook ProtocolLib
[15:13:45] [Server thread/INFO]: [AuraSkills] Loaded 160 config options in 32 ms
[15:13:45] [Server thread/INFO]: [NBTAPI] [NBTAPI] Found Minecraft: 1.21.11! Trying to find NMS support
[15:13:45] [Server thread/INFO]: [NBTAPI] [NBTAPI] NMS support 'MC1_21_R7' loaded!
[15:13:45] [Server thread/INFO]: [NBTAPI] [NBTAPI] Using the plugin 'AuraSkills' to create a bStats instance!
[15:13:45] [Server thread/INFO]: [AuraSkills] Loaded 3 blocked/disabled worlds
[15:13:45] [Server thread/INFO]: [AuraSkills] [ACF] Enabled Asynchronous Tab Completion Support!
[15:13:46] [Server thread/INFO]: [spark] Starting background profiler...
[15:13:46] [Server thread/INFO]: [spark] The async-profiler engine is not supported for your os/arch (windows11/amd64), so the built-in Java engine will be used instead.
[15:13:46] [Server thread/INFO]: Running delayed init tasks
[15:13:46] [Craft Scheduler Thread - 3 - Essentials/INFO]: [Essentials] Fetching version information...
[15:13:47] [Server thread/INFO]: [AuraSkills] Loaded 11 skills with 327 total sources
[15:13:47] [Server thread/INFO]: [AuraSkills] Loaded 9 stats and 17 traits
[15:13:47] [Server thread/INFO]: [AuraSkills] Loaded 22 pattern rewards and 0 level rewards
[15:13:47] [Server thread/INFO]: [AuraSkills] Loaded 53 loot entries in 4 pools and 2 tables
[15:13:47] [Server thread/INFO]: Environment: Environment[sessionHost=https://sessionserver.mojang.com, servicesHost=https://api.minecraftservices.com, profilesHost=https://api.mojang.com, name=PROD]
[15:13:47] [Server thread/INFO]: [AuraSkills] Loaded 7 menus
[15:13:47] [Server thread/INFO]: Done (19.666s)! For help, type "help"
[15:13:47] [auraskills-async-task-1/INFO]: [AuraSkills] New update available! You are on version 2.3.11, latest version is 2.3.12
[AuraSkills] Download it on Modrinth: https://modrinth.com/plugin/uDdZAVls/version/QOb8ZzmE
[15:15:07] [User Authenticator #0/INFO]: UUID of player NJEPOh77 is 5ee23a5e-e93a-3f07-8414-d8f9d80d652b
[15:15:07] [Server thread/INFO]: [HorriblePlayerLoginEventHack] You have plugins listening to the PlayerLoginEvent, this will cause re-configuration APIs to be unavailable: [Essentials, ProtocolLib]
[15:15:10] [Server thread/INFO]: NJEPOh77 joined the game
[15:15:10] [Server thread/INFO]: NJEPOh77[/127.56.142.74:51771] logged in with entity id 1 at ([world]-232.34504896203873, 69.0, -289.68698745835377)
[15:22:46] [Server thread/INFO]: NJEPOh77 lost connection: Disconnected
[15:22:46] [Server thread/INFO]: NJEPOh77 left the game
[15:22:59] [Server thread/INFO]: Stopping the server
[15:22:59] [Server thread/INFO]: Stopping server
[15:22:59] [Server thread/INFO]: [AuraSkills] Disabling AuraSkills v2.3.11
[15:22:59] [Server thread/INFO]: [EssentialsChat] Disabling EssentialsChat v2.21.2
[15:22:59] [Server thread/INFO]: [EssentialsSpawn] Disabling EssentialsSpawn v2.21.2
[15:22:59] [Server thread/INFO]: [SkinsRestorer] Disabling SkinsRestorer v15.12.0
[15:22:59] [Server thread/INFO]: [Essentials] Disabling Essentials v2.21.2
[15:22:59] [Server thread/INFO]: [ProtocolLib] Disabling ProtocolLib v5.4.0
[15:22:59] [Server thread/INFO]: Saving players
[15:22:59] [Server thread/INFO]: Saving worlds
[15:22:59] [Server thread/INFO]: Saving chunks for level 'ServerLevel[world]'/minecraft:overworld
[15:22:59] [Server thread/INFO]: [ChunkHolderManager] Waiting 60s for chunk system to halt for world 'world'
[15:22:59] [Server thread/INFO]: [ChunkHolderManager] Halted chunk system for world 'world'
[15:22:59] [Server thread/INFO]: [ChunkHolderManager] Saving all chunkholders for world 'world'
[15:22:59] [Server thread/INFO]: [ChunkHolderManager] Saved 0 block chunks, 0 entity chunks, 0 poi chunks in world 'world' in 0,01s
[15:22:59] [Server thread/INFO]: [ChunkHolderManager] Waiting 60s for chunk I/O to halt for world 'world'
[15:22:59] [Server thread/INFO]: [ChunkHolderManager] Halted I/O scheduler for world 'world'
[15:22:59] [Server thread/INFO]: Saving chunks for level 'ServerLevel[world_nether]'/minecraft:the_nether
[15:22:59] [Server thread/INFO]: [ChunkHolderManager] Waiting 60s for chunk system to halt for world 'world_nether'
[15:22:59] [Server thread/INFO]: [ChunkHolderManager] Halted chunk system for world 'world_nether'
[15:22:59] [Server thread/INFO]: [ChunkHolderManager] Saving all chunkholders for world 'world_nether'
[15:22:59] [Server thread/INFO]: [ChunkHolderManager] Saved 0 block chunks, 0 entity chunks, 0 poi chunks in world 'world_nether' in 0,00s
[15:22:59] [Server thread/INFO]: [ChunkHolderManager] Waiting 60s for chunk I/O to halt for world 'world_nether'
[15:22:59] [Server thread/INFO]: [ChunkHolderManager] Halted I/O scheduler for world 'world_nether'
[15:22:59] [Server thread/INFO]: Saving chunks for level 'ServerLevel[world_the_end]'/minecraft:the_end
[15:22:59] [Server thread/INFO]: [ChunkHolderManager] Waiting 60s for chunk system to halt for world 'world_the_end'
[15:22:59] [Server thread/INFO]: [ChunkHolderManager] Halted chunk system for world 'world_the_end'
[15:22:59] [Server thread/INFO]: [ChunkHolderManager] Saving all chunkholders for world 'world_the_end'
[15:22:59] [Server thread/INFO]: [ChunkHolderManager] Saved 0 block chunks, 0 entity chunks, 0 poi chunks in world 'world_the_end' in 0,00s
[15:22:59] [Server thread/INFO]: [ChunkHolderManager] Waiting 60s for chunk I/O to halt for world 'world_the_end'
[15:22:59] [Server thread/INFO]: [ChunkHolderManager] Halted I/O scheduler for world 'world_the_end'
[15:22:59] [Server thread/INFO]: ThreadedAnvilChunkStorage (world): All chunks are saved
[15:22:59] [Server thread/INFO]: ThreadedAnvilChunkStorage (DIM-1): All chunks are saved
[15:22:59] [Server thread/INFO]: ThreadedAnvilChunkStorage (DIM1): All chunks are saved
[15:22:59] [Server thread/INFO]: ThreadedAnvilChunkStorage: All dimensions are saved
[15:22:59] [Server thread/INFO]: Waiting for all RegionFile I/O tasks to complete...
[15:22:59] [Server thread/INFO]: All RegionFile I/O tasks to complete
[15:22:59] [Server thread/INFO]: [MoonriseCommon] Awaiting termination of worker pool for up to 60s...
[15:22:59] [Server thread/INFO]: [MoonriseCommon] Awaiting termination of I/O pool for up to 60s...
